


ARM Macro Assembler    Page 1 


    1 00000000         ;Fully Ascending stack
    2 00000000         
    3 00000000                 AREA             RESET, DATA, READONLY
    4 00000000                 EXPORT           __Vectors
    5 00000000         
    6 00000000         __Vectors
    7 00000000 100000FF        DCD              0x100000FF  ; stack pointer val
                                                            ue when stack is em
                                                            pty
    8 00000004 00000000        DCD              Reset_Handler ; reset vector
    9 00000008         
   10 00000008                 ALIGN
   11 00000008         
   12 00000008                 AREA             mycode, CODE, READONLY
   13 00000000                 EXPORT           Reset_Handler
   14 00000000                 ENTRY
   15 00000000         Reset_Handler
   16 00000000         
   17 00000000         
   18 00000000         ;Assume an error free program is executed. Fill up the b
                       lanks with appropriate values.         
   19 00000000 F8DF D01C       ldr              r13,=0x10001000
   20 00000004 4807            ldr              r0,=0x12345678
   21 00000006 4908            ldr              r1,=0x87654321
   22 00000008 4A08            ldr              r2,=0x45678ab9
   23 0000000A 4B09            ldr              r3,=0x9ba87654
   24 0000000C         
   25 0000000C B407            push             {r0,r1,r2}
   26 0000000E E88D 000D       stm              r13, {r0,r3,r2}
   27 00000012 BC08            pop              {r3}
   28 00000014 BC02            pop{r1}
   29 00000016 BC04            pop{r2}
   30 00000018 B40C            stmdb            r13!,{r2,r3}
   31 0000001A BC03            pop{r0,r1}
   32 0000001C         
   33 0000001C E7FE    stop    b                stop
   34 0000001E         
   35 0000001E                 end
              00 00 10001000 
              12345678 
              87654321 
              45678AB9 
              9BA87654 
Command Line: --debug --xref --cpu=Cortex-M3 --apcs=interwork --depend=.\2-full
y-ascending-stack.d -o.\2-fully-ascending-stack.o -IC:\Keil\ARM\RV31\INC -IC:\K
eil\ARM\CMSIS\Include -IC:\Keil\ARM\Inc\NXP\LPC17xx --predefine="__EVAL SETA 1"
 --list=.\2-fully-ascending-stack.lst 2-fully-ascending-stack.s



ARM Macro Assembler    Page 1 Alphabetic symbol ordering
Relocatable symbols

RESET 00000000

Symbol: RESET
   Definitions
      At line 3 in file 2-fully-ascending-stack.s
   Uses
      None
Comment: RESET unused
__Vectors 00000000

Symbol: __Vectors
   Definitions
      At line 6 in file 2-fully-ascending-stack.s
   Uses
      At line 4 in file 2-fully-ascending-stack.s
Comment: __Vectors used once
2 symbols



ARM Macro Assembler    Page 1 Alphabetic symbol ordering
Relocatable symbols

Reset_Handler 00000000

Symbol: Reset_Handler
   Definitions
      At line 15 in file 2-fully-ascending-stack.s
   Uses
      At line 8 in file 2-fully-ascending-stack.s
      At line 13 in file 2-fully-ascending-stack.s

mycode 00000000

Symbol: mycode
   Definitions
      At line 12 in file 2-fully-ascending-stack.s
   Uses
      None
Comment: mycode unused
stop 0000001C

Symbol: stop
   Definitions
      At line 33 in file 2-fully-ascending-stack.s
   Uses
      At line 33 in file 2-fully-ascending-stack.s
Comment: stop used once
3 symbols
338 symbols in table
