


ARM Macro Assembler    Page 1 


    1 00000000                 AREA             RESET, DATA, READONLY
    2 00000000                 EXPORT           __Vectors
    3 00000000         
    4 00000000         __Vectors
    5 00000000 10001000        DCD              0x10001000  ; stack pointer val
                                                            ue when stack is em
                                                            pty
    6 00000004 00000000        DCD              Reset_Handler ; reset vector
    7 00000008         
    8 00000008                 ALIGN
    9 00000008                 AREA             mycode, CODE, READONLY
   10 00000000                 ENTRY
   11 00000000                 EXPORT           Reset_Handler
   12 00000000         
   13 00000000         Reset_Handler
   14 00000000 F04F 0102       MOV              R1, #0X2    ; Moving Value 1
   15 00000004 F04F 0204       MOV              R2, #0X4    ; Moving Value 2
   16 00000008 F04F 0302       MOV              R3, #0X02   ;Moving count value
                                                            
   17 0000000C         
   18 0000000C EB01 0002 
                       LOOP    ADD              R0, R1, R2  ; operation 1
   19 00000010 F1A3 0301       SUB              R3, #0X01   ; operation 2
   20 00000014 2B00            CMP              R3, #0X00   ; 
   21 00000016 D1F9            BNE              LOOP
   22 00000018         
   23 00000018 BF00            NOP
   24 0000001A                 END
Command Line: --debug --xref --cpu=Cortex-M3 --apcs=interwork --depend=.\branch
-istructions-b-bl-1.d -o.\branch-istructions-b-bl-1.o -IC:\Keil\ARM\RV31\INC -I
C:\Keil\ARM\CMSIS\Include -IC:\Keil\ARM\Inc\NXP\LPC17xx --predefine="__EVAL SET
A 1" --list=.\branch-istructions-b-bl-1.lst branch-istructions-B-BL-1.s



ARM Macro Assembler    Page 1 Alphabetic symbol ordering
Relocatable symbols

RESET 00000000

Symbol: RESET
   Definitions
      At line 1 in file branch-istructions-B-BL-1.s
   Uses
      None
Comment: RESET unused
__Vectors 00000000

Symbol: __Vectors
   Definitions
      At line 4 in file branch-istructions-B-BL-1.s
   Uses
      At line 2 in file branch-istructions-B-BL-1.s
Comment: __Vectors used once
2 symbols



ARM Macro Assembler    Page 1 Alphabetic symbol ordering
Relocatable symbols

LOOP 0000000C

Symbol: LOOP
   Definitions
      At line 18 in file branch-istructions-B-BL-1.s
   Uses
      At line 21 in file branch-istructions-B-BL-1.s
Comment: LOOP used once
Reset_Handler 00000000

Symbol: Reset_Handler
   Definitions
      At line 13 in file branch-istructions-B-BL-1.s
   Uses
      At line 6 in file branch-istructions-B-BL-1.s
      At line 11 in file branch-istructions-B-BL-1.s

mycode 00000000

Symbol: mycode
   Definitions
      At line 9 in file branch-istructions-B-BL-1.s
   Uses
      None
Comment: mycode unused
3 symbols
336 symbols in table
