


ARM Macro Assembler    Page 1 


    1 00000000                 AREA             RESET, DATA, READONLY
    2 00000000                 EXPORT           __Vectors
    3 00000000         
    4 00000000         __Vectors
    5 00000000 10001000        DCD              0x10001000  ; stack pointer val
                                                            ue when stack is em
                                                            pty
    6 00000004 00000000        DCD              Reset_Handler ; reset vector
    7 00000008         
    8 00000008                 ALIGN
    9 00000008                 AREA             mycode, CODE, READONLY
   10 00000000                 ENTRY
   11 00000000                 EXPORT           Reset_Handler
   12 00000000         
   13 00000000         Reset_Handler
   14 00000000 F04F 5080       LDR              R0, =0X10000000
   15 00000004 4901            LDR              R1, =0X12345678 ; ARM follows l
                                                            ittle endian format
                                                             so LSB byte is sto
                                                            red @ lower memory 
                                                            location (0X1000000
                                                            0) 
   16 00000006         ; followed by MSB @ higher memory location (0X10000003).
                       
   17 00000006         ; Note: processor ALU can process 32 bit data but each m
                       emory location can store only 8 bit data
   18 00000006 6001            STR              R1, [R0]
   19 00000008         
   20 00000008         
   21 00000008 BF00            NOP
   22 0000000A                 END
              00 00 12345678 
Command Line: --debug --xref --cpu=Cortex-M3 --apcs=interwork --depend=.\load-s
tore-1.d -o.\load-store-1.o -IC:\Keil\ARM\RV31\INC -IC:\Keil\ARM\CMSIS\Include 
-IC:\Keil\ARM\Inc\NXP\LPC17xx --predefine="__EVAL SETA 1" --list=.\load-store-1
.lst load-store-1.s



ARM Macro Assembler    Page 1 Alphabetic symbol ordering
Relocatable symbols

RESET 00000000

Symbol: RESET
   Definitions
      At line 1 in file load-store-1.s
   Uses
      None
Comment: RESET unused
__Vectors 00000000

Symbol: __Vectors
   Definitions
      At line 4 in file load-store-1.s
   Uses
      At line 2 in file load-store-1.s
Comment: __Vectors used once
2 symbols



ARM Macro Assembler    Page 1 Alphabetic symbol ordering
Relocatable symbols

Reset_Handler 00000000

Symbol: Reset_Handler
   Definitions
      At line 13 in file load-store-1.s
   Uses
      At line 6 in file load-store-1.s
      At line 11 in file load-store-1.s

mycode 00000000

Symbol: mycode
   Definitions
      At line 9 in file load-store-1.s
   Uses
      None
Comment: mycode unused
2 symbols
337 symbols in table
