


ARM Macro Assembler    Page 1 


    1 00000000         ; Program to perform MULTIPLICATION
    2 00000000         
    3 00000000                 AREA             RESET, DATA, READONLY
    4 00000000                 EXPORT           __Vectors
    5 00000000         
    6 00000000         __Vectors
    7 00000000 10001000        DCD              0x10001000  ; stack pointer val
                                                            ue when stack is em
                                                            pty
    8 00000004 00000000        DCD              Reset_Handler ; reset vector
    9 00000008         
   10 00000008                 ALIGN
   11 00000008                 AREA             mycode, CODE, READONLY
   12 00000000                 ENTRY
   13 00000000                 EXPORT           Reset_Handler
   14 00000000         
   15 00000000         Reset_Handler
   16 00000000         
   17 00000000         ; 32-bit MULTIPLICATION
   18 00000000 F04F 0002       MOV              R0, #0X02
   19 00000004 F04F 0103       MOV              R1, #0X03
   20 00000008 F04F 020A       MOV              R2, #0X0A
   21 0000000C         
   22 0000000C FB00 2311       MLS              R3, R0, R1, R2
   23 00000010         
   24 00000010 BF00            NOP
   25 00000012                 END
Command Line: --debug --xref --cpu=Cortex-M3 --apcs=interwork --depend=.\multip
lication-3.d -o.\multiplication-3.o -IC:\Keil\ARM\RV31\INC -IC:\Keil\ARM\CMSIS\
Include -IC:\Keil\ARM\Inc\NXP\LPC17xx --predefine="__EVAL SETA 1" --list=.\mult
iplication-3.lst multiplication-3.s



ARM Macro Assembler    Page 1 Alphabetic symbol ordering
Relocatable symbols

RESET 00000000

Symbol: RESET
   Definitions
      At line 3 in file multiplication-3.s
   Uses
      None
Comment: RESET unused
__Vectors 00000000

Symbol: __Vectors
   Definitions
      At line 6 in file multiplication-3.s
   Uses
      At line 4 in file multiplication-3.s
Comment: __Vectors used once
2 symbols



ARM Macro Assembler    Page 1 Alphabetic symbol ordering
Relocatable symbols

Reset_Handler 00000000

Symbol: Reset_Handler
   Definitions
      At line 15 in file multiplication-3.s
   Uses
      At line 8 in file multiplication-3.s
      At line 13 in file multiplication-3.s

mycode 00000000

Symbol: mycode
   Definitions
      At line 11 in file multiplication-3.s
   Uses
      None
Comment: mycode unused
2 symbols
335 symbols in table
